// Jest Snapshot v1, https://goo.gl/fbAQLP

exports[`Cosmos Extension should match snapshot 1`] = `
Object {
  "Description": "App Singleton Resources for the Cosmos like CdkRepo and EcrRepo.",
  "Resources": Object {
    "CdkRepo9606A710": Object {
      "Properties": Object {
        "RepositoryDescription": "App CDK Repo for Test Cosmos.",
        "RepositoryName": "app-test-cdk-repo",
      },
      "Type": "AWS::CodeCommit::Repository",
    },
  },
}
`;

exports[`Cosmos should match snapshot 1`] = `
Object {
  "Description": "Singleton resources for the Cosmos, like RootZone, CdkRepo and CdkMasterRole",
  "Outputs": Object {
    "CdkRepoRepoNameEBDD9CD6": Object {
      "Export": Object {
        "Name": "Core-CdkRepo-Name",
      },
      "Value": Object {
        "Fn::GetAtt": Array [
          "CdkRepo9606A710",
          "Name",
        ],
      },
    },
    "CosmosName": Object {
      "Export": Object {
        "Name": "Core-Name",
      },
      "Value": "Cos",
    },
    "CosmosVersion": Object {
      "Export": Object {
        "Name": "Core-Version",
      },
      "Value": Any<String>,
    },
    "CrossAccountExportsFnFunctionArn4D0D888C": Object {
      "Export": Object {
        "Name": "Core-CrossAccountExportsFn-Arn",
      },
      "Value": Object {
        "Fn::GetAtt": Array [
          "CrossAccountExportsFnBB7349E9",
          "Arn",
        ],
      },
    },
    "RootZoneNameServersC9CDB123": Object {
      "Export": Object {
        "Name": "Core-RootZone-NameServers",
      },
      "Value": Object {
        "Fn::Join": Array [
          ",",
          Object {
            "Fn::GetAtt": Array [
              "RootZone831A5F27",
              "NameServers",
            ],
          },
        ],
      },
    },
    "RootZoneZoneId57AFCBDD": Object {
      "Export": Object {
        "Name": "Core-RootZone-Id",
      },
      "Value": Object {
        "Ref": "RootZone831A5F27",
      },
    },
    "RootZoneZoneNameD5248AD9": Object {
      "Export": Object {
        "Name": "Core-RootZone-Name",
      },
      "Value": "cos.com",
    },
  },
  "Resources": Object {
    "CdkMasterRole2FE9B317": Object {
      "Properties": Object {
        "AssumeRolePolicyDocument": Object {
          "Statement": Array [
            Object {
              "Action": "sts:AssumeRole",
              "Effect": "Allow",
              "Principal": Object {
                "Service": Array [
                  "codebuild.amazonaws.com",
                  "codepipeline.amazonaws.com",
                  "lambda.amazonaws.com",
                ],
              },
            },
          ],
          "Version": "2012-10-17",
        },
        "ManagedPolicyArns": Array [
          Object {
            "Fn::Join": Array [
              "",
              Array [
                "arn:",
                Object {
                  "Ref": "AWS::Partition",
                },
                ":iam::aws:policy/AdministratorAccess",
              ],
            ],
          },
        ],
        "RoleName": "Core-CdkMaster-Role",
      },
      "Type": "AWS::IAM::Role",
    },
    "CdkRepo9606A710": Object {
      "Properties": Object {
        "RepositoryDescription": "Core CDK Repo for Cos Cosmos.",
        "RepositoryName": "core-cdk-repo",
      },
      "Type": "AWS::CodeCommit::Repository",
    },
    "CrossAccountExportsFnBB7349E9": Object {
      "DependsOn": Array [
        "CdkMasterRole2FE9B317",
      ],
      "Properties": Object {
        "Code": Object {
          "S3Bucket": "mock-s3BucketName",
          "S3Key": "mock-s3ObjectKey",
        },
        "Handler": "index.handler",
        "Role": Object {
          "Fn::GetAtt": Array [
            "CdkMasterRole2FE9B317",
            "Arn",
          ],
        },
        "Runtime": "nodejs12.x",
        "Timeout": 60,
      },
      "Type": "AWS::Lambda::Function",
    },
    "RootZone831A5F27": Object {
      "Properties": Object {
        "HostedZoneConfig": Object {
          "Comment": "Core TLD Root Zone for Cos Cosmos.",
        },
        "Name": "cos.com.",
      },
      "Type": "AWS::Route53::HostedZone",
    },
  },
}
`;
