// Jest Snapshot v1, https://goo.gl/fbAQLP

exports[`should be a stack 1`] = `
Object {
  "Resources": Object {
    "Bucket": Object {
      "DeletionPolicy": "Retain",
      "Type": "AWS::S3::Bucket",
      "UpdateReplacePolicy": "Retain",
    },
    "Bucket2": Object {
      "DeletionPolicy": "Retain",
      "Type": "AWS::S3::Bucket",
      "UpdateReplacePolicy": "Retain",
    },
  },
}
`;
