// Jest Snapshot v1, https://goo.gl/fbAQLP

exports[`SSM State 1`] = `
Object {
  "Parameters": Object {
    "SsmState2CurrentState18C3E007": Object {
      "Default": "SsmState2",
      "Type": "AWS::SSM::Parameter::Value<String>",
    },
  },
  "Resources": Object {
    "SsmState2StateD3EE94E1": Object {
      "Properties": Object {
        "Name": "SsmState2",
        "Type": "String",
        "Value": Object {
          "Ref": "SsmState2CurrentState18C3E007",
        },
      },
      "Type": "AWS::SSM::Parameter",
    },
    "SsmState80B50764": Object {
      "Properties": Object {
        "Name": "SsmState",
        "Type": "String",
        "Value": "new",
      },
      "Type": "AWS::SSM::Parameter",
    },
  },
}
`;
