// Jest Snapshot v1, https://goo.gl/fbAQLP

exports[`Empty Stack 1`] = `
Object {
  "Resources": Object {
    "SecureBucket1ED1C5CE": Object {
      "DeletionPolicy": "Retain",
      "Properties": Object {
        "AccessControl": "LogDeliveryWrite",
        "BucketEncryption": Object {
          "ServerSideEncryptionConfiguration": Array [
            Object {
              "ServerSideEncryptionByDefault": Object {
                "SSEAlgorithm": "AES256",
              },
            },
          ],
        },
        "LoggingConfiguration": Object {
          "LogFilePrefix": "BucketAccessLogs/",
        },
      },
      "Type": "AWS::S3::Bucket",
      "UpdateReplacePolicy": "Retain",
    },
    "SecureBucketPolicy18EDC062": Object {
      "Properties": Object {
        "Bucket": Object {
          "Ref": "SecureBucket1ED1C5CE",
        },
        "PolicyDocument": Object {
          "Statement": Array [
            Object {
              "Action": "s3:*",
              "Condition": Object {
                "Bool": Object {
                  "aws:SecureTransport": false,
                },
              },
              "Effect": "Deny",
              "Principal": "*",
              "Resource": Object {
                "Fn::Join": Array [
                  "",
                  Array [
                    Object {
                      "Fn::GetAtt": Array [
                        "SecureBucket1ED1C5CE",
                        "Arn",
                      ],
                    },
                    "/*",
                  ],
                ],
              },
              "Sid": "ForceSSLOnly",
            },
          ],
          "Version": "2012-10-17",
        },
      },
      "Type": "AWS::S3::BucketPolicy",
    },
  },
}
`;
